
> tron-chat@1.0.1 tauri
> tauri build


> tron-chat@1.0.1 build:tauri
> tsc -b && vite build --outDir dist

[36mvite v6.4.3 [32mbuilding for production...[36m[39m
transforming...
[32mΓ£ô[39m 3334 modules transformed.
rendering chunks...
computing gzip size...
[2mdist/[22m[32mregisterSW.js                                    [39m[1m[2m    0.13 kB[22m[1m[22m
[2mdist/[22m[32mmanifest.webmanifest                             [39m[1m[2m    0.33 kB[22m[1m[22m
[2mdist/[22m[32mindex.html                                       [39m[1m[2m    0.89 kB[22m[1m[22m[2m Γöé gzip:   0.45 kB[22m
[2mdist/[22m[32massets/KaTeX_Size3-Regular-CTq5MqoE.woff         [39m[1m[2m    4.42 kB[22m[1m[22m
[2mdist/[22m[32massets/KaTeX_Size4-Regular-Dl5lxZxV.woff2        [39m[1m[2m    4.93 kB[22m[1m[22m
[2mdist/[22m[32massets/KaTeX_Size2-Regular-Dy4dx90m.woff2        [39m[1m[2m    5.21 kB[22m[1m[22m
[2mdist/[22m[32massets/KaTeX_Size1-Regular-mCD8mA8B.woff2        [39m[1m[2m    5.47 kB[22m[1m[22m
[2mdist/[22m[32massets/KaTeX_Size4-Regular-BF-4gkZK.woff         [39m[1m[2m    5.98 kB[22m[1m[22m
[2mdist/[22m[32massets/KaTeX_Size2-Regular-oD1tc_U0.woff         [39m[1m[2m    6.19 kB[22m[1m[22m
[2mdist/[22m[32massets/KaTeX_Size1-Regular-C195tn64.woff         [39m[1m[2m    6.50 kB[22m[1m[22m
[2mdist/[22m[32massets/KaTeX_Caligraphic-Regular-Di6jR-x-.woff2  [39m[1m[2m    6.91 kB[22m[1m[22m
[2mdist/[22m[32massets/KaTeX_Caligraphic-Bold-Dq_IR9rO.woff2     [39m[1m[2m    6.91 kB[22m[1m[22m
[2mdist/[22m[32massets/KaTeX_Size3-Regular-DgpXs0kz.ttf          [39m[1m[2m    7.59 kB[22m[1m[22m
[2mdist/[22m[32massets/KaTeX_Caligraphic-Regular-CTRA-rTL.woff   [39m[1m[2m    7.66 kB[22m[1m[22m
[2mdist/[22m[32massets/KaTeX_Caligraphic-Bold-BEiXGLvX.woff      [39m[1m[2m    7.72 kB[22m[1m[22m
[2mdist/[22m[32massets/KaTeX_Script-Regular-D3wIWfF6.woff2       [39m[1m[2m    9.64 kB[22m[1m[22m
[2mdist/[22m[32massets/KaTeX_SansSerif-Regular-DDBCnlJ7.woff2    [39m[1m[2m   10.34 kB[22m[1m[22m
[2mdist/[22m[32massets/KaTeX_Size4-Regular-DWFBv043.ttf          [39m[1m[2m   10.36 kB[22m[1m[22m
[2mdist/[22m[32massets/KaTeX_Script-Regular-D5yQViql.woff        [39m[1m[2m   10.59 kB[22m[1m[22m
[2mdist/[22m[32massets/KaTeX_Fraktur-Regular-CTYiF6lA.woff2      [39m[1m[2m   11.32 kB[22m[1m[22m
[2mdist/[22m[32massets/KaTeX_Fraktur-Bold-CL6g_b3V.woff2         [39m[1m[2m   11.35 kB[22m[1m[22m
[2mdist/[22m[32massets/KaTeX_Size2-Regular-B7gKUWhC.ttf          [39m[1m[2m   11.51 kB[22m[1m[22m
[2mdist/[22m[32massets/KaTeX_SansSerif-Italic-C3H0VqGB.woff2     [39m[1m[2m   12.03 kB[22m[1m[22m
[2mdist/[22m[32massets/KaTeX_SansSerif-Bold-D1sUS0GD.woff2       [39m[1m[2m   12.22 kB[22m[1m[22m
[2mdist/[22m[32massets/KaTeX_Size1-Regular-Dbsnue_I.ttf          [39m[1m[2m   12.23 kB[22m[1m[22m
[2mdist/[22m[32massets/KaTeX_SansSerif-Regular-CS6fqUqJ.woff     [39m[1m[2m   12.32 kB[22m[1m[22m
[2mdist/[22m[32massets/KaTeX_Caligraphic-Regular-wX97UBjC.ttf    [39m[1m[2m   12.34 kB[22m[1m[22m
[2mdist/[22m[32massets/KaTeX_Caligraphic-Bold-ATXxdsX0.ttf       [39m[1m[2m   12.37 kB[22m[1m[22m
[2mdist/[22m[32massets/KaTeX_Fraktur-Regular-Dxdc4cR9.woff       [39m[1m[2m   13.21 kB[22m[1m[22m
[2mdist/[22m[32massets/KaTeX_Fraktur-Bold-BsDP51OF.woff          [39m[1m[2m   13.30 kB[22m[1m[22m
[2mdist/[22m[32massets/KaTeX_Typewriter-Regular-CO6r4hn1.woff2   [39m[1m[2m   13.57 kB[22m[1m[22m
[2mdist/[22m[32massets/KaTeX_SansSerif-Italic-DN2j7dab.woff      [39m[1m[2m   14.11 kB[22m[1m[22m
[2mdist/[22m[32massets/KaTeX_SansSerif-Bold-DbIhKOiC.woff        [39m[1m[2m   14.41 kB[22m[1m[22m
[2mdist/[22m[32massets/KaTeX_Typewriter-Regular-C0xS9mPB.woff    [39m[1m[2m   16.03 kB[22m[1m[22m
[2mdist/[22m[32massets/KaTeX_Math-BoldItalic-CZnvNsCZ.woff2      [39m[1m[2m   16.40 kB[22m[1m[22m
[2mdist/[22m[32massets/KaTeX_Math-Italic-t53AETM-.woff2          [39m[1m[2m   16.44 kB[22m[1m[22m
[2mdist/[22m[32massets/KaTeX_Script-Regular-C5JkGWo-.ttf         [39m[1m[2m   16.65 kB[22m[1m[22m
[2mdist/[22m[32massets/KaTeX_Main-BoldItalic-DxDJ3AOS.woff2      [39m[1m[2m   16.78 kB[22m[1m[22m
[2mdist/[22m[32massets/KaTeX_Main-Italic-NWA7e6Wa.woff2          [39m[1m[2m   16.99 kB[22m[1m[22m
[2mdist/[22m[32massets/KaTeX_Math-BoldItalic-iY-2wyZ7.woff       [39m[1m[2m   18.67 kB[22m[1m[22m
[2mdist/[22m[32massets/KaTeX_Math-Italic-DA0__PXp.woff           [39m[1m[2m   18.75 kB[22m[1m[22m
[2mdist/[22m[32massets/KaTeX_Main-BoldItalic-SpSLRI95.woff       [39m[1m[2m   19.41 kB[22m[1m[22m
[2mdist/[22m[32massets/KaTeX_SansSerif-Regular-BNo7hRIc.ttf      [39m[1m[2m   19.44 kB[22m[1m[22m
[2mdist/[22m[32massets/KaTeX_Fraktur-Regular-CB_wures.ttf        [39m[1m[2m   19.57 kB[22m[1m[22m
[2mdist/[22m[32massets/KaTeX_Fraktur-Bold-BdnERNNW.ttf           [39m[1m[2m   19.58 kB[22m[1m[22m
[2mdist/[22m[32massets/KaTeX_Main-Italic-BMLOBm91.woff           [39m[1m[2m   19.68 kB[22m[1m[22m
[2mdist/[22m[32massets/KaTeX_SansSerif-Italic-YYjJ1zSn.ttf       [39m[1m[2m   22.36 kB[22m[1m[22m
[2mdist/[22m[32massets/KaTeX_SansSerif-Bold-CFMepnvq.ttf         [39m[1m[2m   24.50 kB[22m[1m[22m
[2mdist/[22m[32massets/KaTeX_Main-Bold-Cx986IdX.woff2            [39m[1m[2m   25.32 kB[22m[1m[22m
[2mdist/[22m[32massets/KaTeX_Main-Regular-B22Nviop.woff2         [39m[1m[2m   26.27 kB[22m[1m[22m
[2mdist/[22m[32massets/KaTeX_Typewriter-Regular-D3Ib7_Hf.ttf     [39m[1m[2m   27.56 kB[22m[1m[22m
[2mdist/[22m[32massets/KaTeX_AMS-Regular-BQhdFMY1.woff2          [39m[1m[2m   28.08 kB[22m[1m[22m
[2mdist/[22m[32massets/KaTeX_Main-Bold-Jm3AIy58.woff             [39m[1m[2m   29.91 kB[22m[1m[22m
[2mdist/[22m[32massets/KaTeX_Main-Regular-Dr94JaBh.woff          [39m[1m[2m   30.77 kB[22m[1m[22m
[2mdist/[22m[32massets/KaTeX_Math-BoldItalic-B3XSjfu4.ttf        [39m[1m[2m   31.20 kB[22m[1m[22m
[2mdist/[22m[32massets/KaTeX_Math-Italic-flOr_0UB.ttf            [39m[1m[2m   31.31 kB[22m[1m[22m
[2mdist/[22m[32massets/KaTeX_Main-BoldItalic-DzxPMmG6.ttf        [39m[1m[2m   32.97 kB[22m[1m[22m
[2mdist/[22m[32massets/KaTeX_AMS-Regular-DMm9YOAa.woff           [39m[1m[2m   33.52 kB[22m[1m[22m
[2mdist/[22m[32massets/KaTeX_Main-Italic-3WenGoN9.ttf            [39m[1m[2m   33.58 kB[22m[1m[22m
[2mdist/[22m[32massets/KaTeX_Main-Bold-waoOVXN0.ttf              [39m[1m[2m   51.34 kB[22m[1m[22m
[2mdist/[22m[32massets/KaTeX_Main-Regular-ypZvNtVU.ttf           [39m[1m[2m   53.58 kB[22m[1m[22m
[2mdist/[22m[32massets/KaTeX_AMS-Regular-DRggAlZN.ttf            [39m[1m[2m   63.63 kB[22m[1m[22m
[2mdist/[22m[35massets/index-ZeEz_Due.css                        [39m[1m[2m   96.48 kB[22m[1m[22m[2m Γöé gzip:  21.68 kB[22m
[2mdist/[22m[36massets/react-l0sNRNKZ.js                         [39m[1m[2m    0.00 kB[22m[1m[22m[2m Γöé gzip:   0.02 kB[22m
[2mdist/[22m[36massets/index-Bw2m1StU.js                         [39m[1m[2m    0.27 kB[22m[1m[22m[2m Γöé gzip:   0.21 kB[22m
[2mdist/[22m[36massets/index-CPBKWRvi.js                         [39m[1m[2m    1.17 kB[22m[1m[22m[2m Γöé gzip:   0.56 kB[22m
[2mdist/[22m[36massets/index-DrCQ-txV.js                         [39m[1m[2m    1.53 kB[22m[1m[22m[2m Γöé gzip:   0.55 kB[22m
[2mdist/[22m[36massets/router-ChoU-g3N.js                        [39m[1m[2m   45.54 kB[22m[1m[22m[2m Γöé gzip:  16.44 kB[22m
[2mdist/[22m[36massets/markdown-TtpBTktI.js                      [39m[1m[2m  335.57 kB[22m[1m[22m[2m Γöé gzip: 101.91 kB[22m
[2mdist/[22m[36massets/charts-BBa59Rop.js                        [39m[1m[2m  358.80 kB[22m[1m[22m[2m Γöé gzip: 107.19 kB[22m
[2mdist/[22m[36massets/index-DMok_lJL.js                         [39m[1m[33m1,175.94 kB[39m[22m[2m Γöé gzip: 346.23 kB[22m
[32mΓ£ô built in 8.96s[39m

PWA v1.2.0
mode      generateSW
precache  19 entries (3702.40 KiB)
files generated
  dist/sw.js
  dist/workbox-9c191d2f.js
[INFO] Scanning for projects...
[INFO] ------------------------------------------------------------------------
[INFO] Reactor Build Order:
[INFO] 
[INFO] opentron-java-backend                                              [jar]
[INFO] opentron-java                                                      [pom]
[INFO] OpenTron CLI                                                       [jar]
[INFO] 
[INFO] -----------------< org.opentron:opentron-java-backend >-----------------
[INFO] Building opentron-java-backend 0.1.0                               [1/3]
[INFO]   from backend\pom.xml
[INFO] --------------------------------[ jar ]---------------------------------
[INFO] 
[INFO] --- clean:3.2.0:clean (default-clean) @ opentron-java-backend ---
[INFO] Deleting C:\Users\ermis\Documents\tronWAvatar\tron\OpenTron\java\opentron-java\backend\target
[INFO] 
[INFO] --- resources:3.3.1:resources (default-resources) @ opentron-java-backend ---
[INFO] Copying 1 resource from src\main\resources to target\classes
[INFO] Copying 1 resource from src\main\resources to target\classes
[INFO] 
[INFO] --- compiler:3.11.0:compile (default-compile) @ opentron-java-backend ---
[INFO] Changes detected - recompiling the module! :source
[INFO] Compiling 54 source files with javac [debug release 17] to target\classes
[INFO] /C:/Users/ermis/Documents/tronWAvatar/tron/OpenTron/java/opentron-java/backend/src/main/java/org/opentron/backend/util/EngineRouting.java: Some input files use or override a deprecated API.
[INFO] /C:/Users/ermis/Documents/tronWAvatar/tron/OpenTron/java/opentron-java/backend/src/main/java/org/opentron/backend/util/EngineRouting.java: Recompile with -Xlint:deprecation for details.
[INFO] /C:/Users/ermis/Documents/tronWAvatar/tron/OpenTron/java/opentron-java/backend/src/main/java/org/opentron/backend/controllers/ModelsController.java: Some input files use unchecked or unsafe operations.
[INFO] /C:/Users/ermis/Documents/tronWAvatar/tron/OpenTron/java/opentron-java/backend/src/main/java/org/opentron/backend/controllers/ModelsController.java: Recompile with -Xlint:unchecked for details.
[INFO] 
[INFO] --- resources:3.3.1:testResources (default-testResources) @ opentron-java-backend ---
[INFO] Copying 1 resource from src\test\resources to target\test-classes
[INFO] 
[INFO] --- compiler:3.11.0:testCompile (default-testCompile) @ opentron-java-backend ---
[INFO] Changes detected - recompiling the module! :dependency
[INFO] Compiling 6 source files with javac [debug release 17] to target\test-classes
[INFO] 
[INFO] --- surefire:3.0.0:test (default-test) @ opentron-java-backend ---
[INFO] Tests are skipped.
[INFO] 
[INFO] --- jar:3.3.0:jar (default-jar) @ opentron-java-backend ---
[INFO] Building jar: C:\Users\ermis\Documents\tronWAvatar\tron\OpenTron\java\opentron-java\backend\target\opentron-java-backend-0.1.0.jar
[INFO] 
[INFO] --- jar:3.3.0:jar (exec-jar) @ opentron-java-backend ---
[INFO] Building jar: C:\Users\ermis\Documents\tronWAvatar\tron\OpenTron\java\opentron-java\backend\target\opentron-java-backend-0.1.0-exec.jar
[INFO] 
[INFO] --- spring-boot:3.1.6:repackage (repackage) @ opentron-java-backend ---
[INFO] Replacing artifact with classifier exec C:\Users\ermis\Documents\tronWAvatar\tron\OpenTron\java\opentron-java\backend\target\opentron-java-backend-0.1.0-exec.jar with repackaged archive, adding nested dependencies in BOOT-INF/.
[INFO] The original artifact has been renamed to C:\Users\ermis\Documents\tronWAvatar\tron\OpenTron\java\opentron-java\backend\target\opentron-java-backend-0.1.0-exec.jar.original
[INFO] 
[INFO] --- spring-boot:3.1.6:repackage (default) @ opentron-java-backend ---
[INFO] Replacing artifact with classifier exec C:\Users\ermis\Documents\tronWAvatar\tron\OpenTron\java\opentron-java\backend\target\opentron-java-backend-0.1.0-exec.jar with repackaged archive, adding nested dependencies in BOOT-INF/.
[INFO] The original artifact has been renamed to C:\Users\ermis\Documents\tronWAvatar\tron\OpenTron\java\opentron-java\backend\target\opentron-java-backend-0.1.0-exec.jar.original
[INFO] 
[INFO] ---------------------< io.opentron:opentron-java >----------------------
[INFO] Building opentron-java 0.1.0                                       [2/3]
[INFO]   from pom.xml
[INFO] --------------------------------[ pom ]---------------------------------
[INFO] 
[INFO] --- clean:3.2.0:clean (default-clean) @ opentron-java ---
[INFO] 
[INFO] -------------------< io.opentron:opentron-java-cli >--------------------
[INFO] Building OpenTron CLI 0.1.0                                        [3/3]
[INFO]   from cli\pom.xml
[INFO] --------------------------------[ jar ]---------------------------------
[INFO] 
[INFO] --- clean:3.2.0:clean (default-clean) @ opentron-java-cli ---
[INFO] Deleting C:\Users\ermis\Documents\tronWAvatar\tron\OpenTron\java\opentron-java\cli\target
[INFO] 
[INFO] --- resources:3.4.0:resources (default-resources) @ opentron-java-cli ---
[INFO] skip non existing resourceDirectory C:\Users\ermis\Documents\tronWAvatar\tron\OpenTron\java\opentron-java\cli\src\main\resources
[INFO] 
[INFO] --- compiler:3.11.0:compile (default-compile) @ opentron-java-cli ---
[INFO] Changes detected - recompiling the module! :dependency
[INFO] Compiling 67 source files with javac [debug release 17] to target\classes
[INFO] 
[INFO] --- resources:3.4.0:testResources (default-testResources) @ opentron-java-cli ---
[INFO] skip non existing resourceDirectory C:\Users\ermis\Documents\tronWAvatar\tron\OpenTron\java\opentron-java\cli\src\test\resources
[INFO] 
[INFO] --- compiler:3.11.0:testCompile (default-testCompile) @ opentron-java-cli ---
[INFO] No sources to compile
[INFO] 
[INFO] --- surefire:3.0.0-M7:test (default-test) @ opentron-java-cli ---
[INFO] Tests are skipped.
[INFO] 
[INFO] --- jar:3.5.0:jar (default-jar) @ opentron-java-cli ---
[INFO] Building jar: C:\Users\ermis\Documents\tronWAvatar\tron\OpenTron\java\opentron-java\cli\target\opentron-java-cli-0.1.0.jar
[INFO] 
[INFO] --- assembly:3.6.0:single (default) @ opentron-java-cli ---
[INFO] Building jar: C:\Users\ermis\Documents\tronWAvatar\tron\OpenTron\java\opentron-java\cli\target\tron-cli-jar-with-dependencies.jar
[INFO] ------------------------------------------------------------------------
[INFO] Reactor Summary for opentron-java 0.1.0:
[INFO] 
[INFO] opentron-java-backend .............................. SUCCESS [  5.885 s]
[INFO] opentron-java ...................................... SUCCESS [  0.003 s]
[INFO] OpenTron CLI ....................................... SUCCESS [  6.824 s]
[INFO] ------------------------------------------------------------------------
[INFO] BUILD SUCCESS
[INFO] ------------------------------------------------------------------------
[INFO] Total time:  13.106 s
[INFO] Finished at: 2026-06-27T20:55:26+03:00
[INFO] ------------------------------------------------------------------------
